[32m[INFO] [0mInitializing HTTP server with config file: conf/complex.conf
[34m[DEBUG] [0m_locations address in constructor: 0x7ff7b12af3e0
[34m[DEBUG] [0m_locations size in constructor: 0
[32m[INFO] [0mParsing configuration file: conf/complex.conf
[34m[DEBUG] [0m_locations address in parseConfig: 0x7ff7b12af3e0
[34m[DEBUG] [0m_locations size in parseConfig: 0
[34m[DEBUG] [0mConfig line: server {
[34m[DEBUG] [0mConfig line: listen 127.0.0.1:8080;
[34m[DEBUG] [0mConfig line: server_name localhost;
[34m[DEBUG] [0mConfig line: root ./html/default;
[34m[DEBUG] [0mConfig line: error_page 404 /error/404.html;
[34m[DEBUG] [0mConfig line: error_page 500 502 503 504 /error/50x.html;
[34m[DEBUG] [0mConfig line: index index.html index.htm;
[34m[DEBUG] [0mConfig line: client_max_body_size 10m;
[34m[DEBUG] [0mConfig line: location / {
[34m[DEBUG] [0mConfig line: limit_except GET POST DELETE;
[34m[DEBUG] [0mConfig line: autoindex on;
[34m[DEBUG] [0mConfig line: }
[34m[DEBUG] [0mConfig line: location /static {
[34m[DEBUG] [0mConfig line: limit_except GET;
[34m[DEBUG] [0mConfig line: autoindex off;
[34m[DEBUG] [0mConfig line: }
[34m[DEBUG] [0mConfig line: location /cgi-bin {
[34m[DEBUG] [0mConfig line: limit_except GET POST;
[34m[DEBUG] [0mConfig line: cgi_ext .py /usr/bin/python3;
[34m[DEBUG] [0mConfig line: cgi_ext .pl /usr/bin/perl;
[34m[DEBUG] [0mConfig line: cgi_ext .sh /bin/bash;
[34m[DEBUG] [0mConfig line: cgi_dir /cgi-bin;
[34m[DEBUG] [0mConfig line: autoindex off;
[34m[DEBUG] [0mConfig line: }
[34m[DEBUG] [0mConfig line: location /upload {
[34m[DEBUG] [0mConfig line: limit_except POST PUT;
[34m[DEBUG] [0mConfig line: upload_dir /uploads;
[34m[DEBUG] [0mConfig line: client_max_body_size 5m;
[34m[DEBUG] [0mConfig line: }
[34m[DEBUG] [0mConfig line: location /redirect {
[34m[DEBUG] [0mConfig line: return 301 /;
[34m[DEBUG] [0mConfig line: }
[34m[DEBUG] [0mConfig line: }
[34m[DEBUG] [0mParsing server block: 
server {
listen 127.0.0.1:8080;
server_name localhost;
root ./html/default;
error_page 404 /error/404.html;
error_page 500 502 503 504 /error/50x.html;
index index.html index.htm;
client_max_body_size 10m;
location / {
limit_except GET POST DELETE;
autoindex on;
}
location /static {
limit_except GET;
autoindex off;
}
location /cgi-bin {
limit_except GET POST;
cgi_ext .py /usr/bin/python3;
cgi_ext .pl /usr/bin/perl;
cgi_ext .sh /bin/bash;
cgi_dir /cgi-bin;
autoindex off;
}
location /upload {
limit_except POST PUT;
upload_dir /uploads;
client_max_body_size 5m;
}
location /redirect {
return 301 /;
}
}

[34m[DEBUG] [0mParsing line: server {
[34m[DEBUG] [0mParsing line: listen 127.0.0.1:8080;
[34m[DEBUG] [0mChecking if line 'listen 127.0.0.1:8080;' is a location block end
[34m[DEBUG] [0minLocationBlock: false
[34m[DEBUG] [0mParsing line: server_name localhost;
[34m[DEBUG] [0mChecking if line 'server_name localhost;' is a location block end
[34m[DEBUG] [0minLocationBlock: false
[34m[DEBUG] [0mParsing line: root ./html/default;
[34m[DEBUG] [0mChecking if line 'root ./html/default;' is a location block end
[34m[DEBUG] [0minLocationBlock: false
[34m[DEBUG] [0mAdded directive to default location: root
[34m[DEBUG] [0mParsing line: error_page 404 /error/404.html;
[34m[DEBUG] [0mChecking if line 'error_page 404 /error/404.html;' is a location block end
[34m[DEBUG] [0minLocationBlock: false
[34m[DEBUG] [0mAdded directive to default location: error_page
[34m[DEBUG] [0mParsing line: error_page 500 502 503 504 /error/50x.html;
[34m[DEBUG] [0mChecking if line 'error_page 500 502 503 504 /error/50x.html;' is a location block end
[34m[DEBUG] [0minLocationBlock: false
[34m[DEBUG] [0mAdded directive to default location: error_page
[34m[DEBUG] [0mParsing line: index index.html index.htm;
[34m[DEBUG] [0mChecking if line 'index index.html index.htm;' is a location block end
[34m[DEBUG] [0minLocationBlock: false
[34m[DEBUG] [0mAdded directive to default location: index
[34m[DEBUG] [0mParsing line: client_max_body_size 10m;
[34m[DEBUG] [0mChecking if line 'client_max_body_size 10m;' is a location block end
[34m[DEBUG] [0minLocationBlock: false
[34m[DEBUG] [0mAdded directive to default location: client_max_body_size
[34m[DEBUG] [0mParsing line: location / {
[34m[DEBUG] [0mFound location block start: location / {
[34m[DEBUG] [0mFound location block for path: /
[34m[DEBUG] [0mParsing line: limit_except GET POST DELETE;
[34m[DEBUG] [0mChecking if line 'limit_except GET POST DELETE;' is a location block end
[34m[DEBUG] [0minLocationBlock: true
[34m[DEBUG] [0mAdded directive to location /: limit_except
[34m[DEBUG] [0mParsing line: autoindex on;
[34m[DEBUG] [0mChecking if line 'autoindex on;' is a location block end
[34m[DEBUG] [0minLocationBlock: true
[34m[DEBUG] [0mAdded directive to location /: autoindex
[34m[DEBUG] [0mParsing line: }
[34m[DEBUG] [0mChecking if line '}' is a location block end
[34m[DEBUG] [0minLocationBlock: true
[34m[DEBUG] [0mFound location block end: }
[34m[DEBUG] [0mLocation path: /
[34m[DEBUG] [0mLocation directives size: 2
[34m[DEBUG] [0mAdded location to _tempLocations: /
[34m[DEBUG] [0m_tempLocations size: 1
[34m[DEBUG] [0mParsing line: location /static {
[34m[DEBUG] [0mFound location block start: location /static {
[34m[DEBUG] [0mFound location block for path: /static
[34m[DEBUG] [0mParsing line: limit_except GET;
[34m[DEBUG] [0mChecking if line 'limit_except GET;' is a location block end
[34m[DEBUG] [0minLocationBlock: true
[34m[DEBUG] [0mAdded directive to location /static: limit_except
[34m[DEBUG] [0mParsing line: autoindex off;
[34m[DEBUG] [0mChecking if line 'autoindex off;' is a location block end
[34m[DEBUG] [0minLocationBlock: true
[34m[DEBUG] [0mAdded directive to location /static: autoindex
[34m[DEBUG] [0mParsing line: }
[34m[DEBUG] [0mChecking if line '}' is a location block end
[34m[DEBUG] [0minLocationBlock: true
[34m[DEBUG] [0mFound location block end: }
[34m[DEBUG] [0mLocation path: /static
[34m[DEBUG] [0mLocation directives size: 2
[34m[DEBUG] [0mAdded location to _tempLocations: /static
[34m[DEBUG] [0m_tempLocations size: 2
[34m[DEBUG] [0mParsing line: location /cgi-bin {
[34m[DEBUG] [0mFound location block start: location /cgi-bin {
[34m[DEBUG] [0mFound location block for path: /cgi-bin
[34m[DEBUG] [0mParsing line: limit_except GET POST;
[34m[DEBUG] [0mChecking if line 'limit_except GET POST;' is a location block end
[34m[DEBUG] [0minLocationBlock: true
[34m[DEBUG] [0mAdded directive to location /cgi-bin: limit_except
[34m[DEBUG] [0mParsing line: cgi_ext .py /usr/bin/python3;
[34m[DEBUG] [0mChecking if line 'cgi_ext .py /usr/bin/python3;' is a location block end
[34m[DEBUG] [0minLocationBlock: true
[34m[DEBUG] [0mAdded directive to location /cgi-bin: cgi_ext
[34m[DEBUG] [0mParsing line: cgi_ext .pl /usr/bin/perl;
[34m[DEBUG] [0mChecking if line 'cgi_ext .pl /usr/bin/perl;' is a location block end
[34m[DEBUG] [0minLocationBlock: true
[34m[DEBUG] [0mAdded directive to location /cgi-bin: cgi_ext
[34m[DEBUG] [0mParsing line: cgi_ext .sh /bin/bash;
[34m[DEBUG] [0mChecking if line 'cgi_ext .sh /bin/bash;' is a location block end
[34m[DEBUG] [0minLocationBlock: true
[34m[DEBUG] [0mAdded directive to location /cgi-bin: cgi_ext
[34m[DEBUG] [0mParsing line: cgi_dir /cgi-bin;
[34m[DEBUG] [0mChecking if line 'cgi_dir /cgi-bin;' is a location block end
[34m[DEBUG] [0minLocationBlock: true
[34m[DEBUG] [0mAdded directive to location /cgi-bin: cgi_dir
[34m[DEBUG] [0mParsing line: autoindex off;
[34m[DEBUG] [0mChecking if line 'autoindex off;' is a location block end
[34m[DEBUG] [0minLocationBlock: true
[34m[DEBUG] [0mAdded directive to location /cgi-bin: autoindex
[34m[DEBUG] [0mParsing line: }
[34m[DEBUG] [0mChecking if line '}' is a location block end
[34m[DEBUG] [0minLocationBlock: true
[34m[DEBUG] [0mFound location block end: }
[34m[DEBUG] [0mLocation path: /cgi-bin
[34m[DEBUG] [0mLocation directives size: 6
[34m[DEBUG] [0mAdded location to _tempLocations: /cgi-bin
[34m[DEBUG] [0m_tempLocations size: 3
[34m[DEBUG] [0mParsing line: location /upload {
[34m[DEBUG] [0mFound location block start: location /upload {
[34m[DEBUG] [0mFound location block for path: /upload
[34m[DEBUG] [0mParsing line: limit_except POST PUT;
[34m[DEBUG] [0mChecking if line 'limit_except POST PUT;' is a location block end
[34m[DEBUG] [0minLocationBlock: true
[34m[DEBUG] [0mAdded directive to location /upload: limit_except
[34m[DEBUG] [0mParsing line: upload_dir /uploads;
[34m[DEBUG] [0mChecking if line 'upload_dir /uploads;' is a location block end
[34m[DEBUG] [0minLocationBlock: true
[34m[DEBUG] [0mAdded directive to location /upload: upload_dir
[34m[DEBUG] [0mParsing line: client_max_body_size 5m;
[34m[DEBUG] [0mChecking if line 'client_max_body_size 5m;' is a location block end
[34m[DEBUG] [0minLocationBlock: true
[34m[DEBUG] [0mAdded directive to location /upload: client_max_body_size
[34m[DEBUG] [0mParsing line: }
[34m[DEBUG] [0mChecking if line '}' is a location block end
[34m[DEBUG] [0minLocationBlock: true
[34m[DEBUG] [0mFound location block end: }
[34m[DEBUG] [0mLocation path: /upload
[34m[DEBUG] [0mLocation directives size: 3
[34m[DEBUG] [0mAdded location to _tempLocations: /upload
[34m[DEBUG] [0m_tempLocations size: 4
[34m[DEBUG] [0mParsing line: location /redirect {
[34m[DEBUG] [0mFound location block start: location /redirect {
[34m[DEBUG] [0mFound location block for path: /redirect
[34m[DEBUG] [0mParsing line: return 301 /;
[34m[DEBUG] [0mChecking if line 'return 301 /;' is a location block end
[34m[DEBUG] [0minLocationBlock: true
[34m[DEBUG] [0mAdded directive to location /redirect: return
[34m[DEBUG] [0mParsing line: }
[34m[DEBUG] [0mChecking if line '}' is a location block end
[34m[DEBUG] [0minLocationBlock: true
[34m[DEBUG] [0mFound location block end: }
[34m[DEBUG] [0mLocation path: /redirect
[34m[DEBUG] [0mLocation directives size: 1
[34m[DEBUG] [0mAdded location to _tempLocations: /redirect
[34m[DEBUG] [0m_tempLocations size: 5
[34m[DEBUG] [0mParsing line: }
[34m[DEBUG] [0mChecking if line '}' is a location block end
[34m[DEBUG] [0minLocationBlock: false
[34m[DEBUG] [0mAdding 5 locations to server configuration
[34m[DEBUG] [0mAdded location / to server configuration
[34m[DEBUG] [0mAdded location /static to server configuration
[34m[DEBUG] [0mAdded location /cgi-bin to server configuration
[34m[DEBUG] [0mAdded location /upload to server configuration
[34m[DEBUG] [0mAdded location /redirect to server configuration
[34m[DEBUG] [0mAdded server configuration: 127.0.0.1:8080 (server_name: localhost)
[34m[DEBUG] [0mServer has 5 locations
[34m[DEBUG] [0mConfig line: server {
[34m[DEBUG] [0mConfig line: listen 127.0.0.1:8081;
[34m[DEBUG] [0mConfig line: server_name test.local;
[34m[DEBUG] [0mConfig line: root ./html/test;
[34m[DEBUG] [0mConfig line: error_page 404 /error/404.html;
[34m[DEBUG] [0mConfig line: error_page 500 502 503 504 /error/50x.html;
[34m[DEBUG] [0mConfig line: index index.html;
[34m[DEBUG] [0mConfig line: location / {
[34m[DEBUG] [0mConfig line: limit_except GET POST DELETE;
[34m[DEBUG] [0mConfig line: autoindex on;
[34m[DEBUG] [0mConfig line: }
[34m[DEBUG] [0mConfig line: }
[34m[DEBUG] [0mParsing server block: 
server {
listen 127.0.0.1:8081;
server_name test.local;
root ./html/test;
error_page 404 /error/404.html;
error_page 500 502 503 504 /error/50x.html;
index index.html;
location / {
limit_except GET POST DELETE;
autoindex on;
}
}

[34m[DEBUG] [0mParsing line: server {
[34m[DEBUG] [0mParsing line: listen 127.0.0.1:8081;
[34m[DEBUG] [0mChecking if line 'listen 127.0.0.1:8081;' is a location block end
[34m[DEBUG] [0minLocationBlock: false
[34m[DEBUG] [0mParsing line: server_name test.local;
[34m[DEBUG] [0mChecking if line 'server_name test.local;' is a location block end
[34m[DEBUG] [0minLocationBlock: false
[34m[DEBUG] [0mParsing line: root ./html/test;
[34m[DEBUG] [0mChecking if line 'root ./html/test;' is a location block end
[34m[DEBUG] [0minLocationBlock: false
[34m[DEBUG] [0mAdded directive to default location: root
[34m[DEBUG] [0mParsing line: error_page 404 /error/404.html;
[34m[DEBUG] [0mChecking if line 'error_page 404 /error/404.html;' is a location block end
[34m[DEBUG] [0minLocationBlock: false
[34m[DEBUG] [0mAdded directive to default location: error_page
[34m[DEBUG] [0mParsing line: error_page 500 502 503 504 /error/50x.html;
[34m[DEBUG] [0mChecking if line 'error_page 500 502 503 504 /error/50x.html;' is a location block end
[34m[DEBUG] [0minLocationBlock: false
[34m[DEBUG] [0mAdded directive to default location: error_page
[34m[DEBUG] [0mParsing line: index index.html;
[34m[DEBUG] [0mChecking if line 'index index.html;' is a location block end
[34m[DEBUG] [0minLocationBlock: false
[34m[DEBUG] [0mAdded directive to default location: index
[34m[DEBUG] [0mParsing line: location / {
[34m[DEBUG] [0mFound location block start: location / {
[34m[DEBUG] [0mFound location block for path: /
[34m[DEBUG] [0mParsing line: limit_except GET POST DELETE;
[34m[DEBUG] [0mChecking if line 'limit_except GET POST DELETE;' is a location block end
[34m[DEBUG] [0minLocationBlock: true
[34m[DEBUG] [0mAdded directive to location /: limit_except
[34m[DEBUG] [0mParsing line: autoindex on;
[34m[DEBUG] [0mChecking if line 'autoindex on;' is a location block end
[34m[DEBUG] [0minLocationBlock: true
[34m[DEBUG] [0mAdded directive to location /: autoindex
[34m[DEBUG] [0mParsing line: }
[34m[DEBUG] [0mChecking if line '}' is a location block end
[34m[DEBUG] [0minLocationBlock: true
[34m[DEBUG] [0mFound location block end: }
[34m[DEBUG] [0mLocation path: /
[34m[DEBUG] [0mLocation directives size: 2
[34m[DEBUG] [0mAdded location to _tempLocations: /
[34m[DEBUG] [0m_tempLocations size: 1
[34m[DEBUG] [0mParsing line: }
[34m[DEBUG] [0mChecking if line '}' is a location block end
[34m[DEBUG] [0minLocationBlock: false
[34m[DEBUG] [0mAdding 1 locations to server configuration
[34m[DEBUG] [0mAdded location / to server configuration
[34m[DEBUG] [0mAdded server configuration: 127.0.0.1:8081 (server_name: test.local)
[34m[DEBUG] [0mServer has 1 locations
[34m[DEBUG] [0mConfig line: server {
[34m[DEBUG] [0mConfig line: listen 127.0.0.1:8083;
[34m[DEBUG] [0mConfig line: server_name example.local;
[34m[DEBUG] [0mConfig line: root ./html/example;
[34m[DEBUG] [0mConfig line: index index.html;
[34m[DEBUG] [0mConfig line: location / {
[34m[DEBUG] [0mConfig line: limit_except GET;
[34m[DEBUG] [0mConfig line: autoindex off;
[34m[DEBUG] [0mConfig line: }
[34m[DEBUG] [0mConfig line: location /docs {
[34m[DEBUG] [0mConfig line: alias ./html/documents;
[34m[DEBUG] [0mConfig line: limit_except GET;
[34m[DEBUG] [0mConfig line: autoindex on;
[34m[DEBUG] [0mConfig line: }
[34m[DEBUG] [0mConfig line: }
[34m[DEBUG] [0mParsing server block: 
server {
listen 127.0.0.1:8083;
server_name example.local;
root ./html/example;
index index.html;
location / {
limit_except GET;
autoindex off;
}
location /docs {
alias ./html/documents;
limit_except GET;
autoindex on;
}
}

[34m[DEBUG] [0mParsing line: server {
[34m[DEBUG] [0mParsing line: listen 127.0.0.1:8083;
[34m[DEBUG] [0mChecking if line 'listen 127.0.0.1:8083;' is a location block end
[34m[DEBUG] [0minLocationBlock: false
[34m[DEBUG] [0mParsing line: server_name example.local;
[34m[DEBUG] [0mChecking if line 'server_name example.local;' is a location block end
[34m[DEBUG] [0minLocationBlock: false
[34m[DEBUG] [0mParsing line: root ./html/example;
[34m[DEBUG] [0mChecking if line 'root ./html/example;' is a location block end
[34m[DEBUG] [0minLocationBlock: false
[34m[DEBUG] [0mAdded directive to default location: root
[34m[DEBUG] [0mParsing line: index index.html;
[34m[DEBUG] [0mChecking if line 'index index.html;' is a location block end
[34m[DEBUG] [0minLocationBlock: false
[34m[DEBUG] [0mAdded directive to default location: index
[34m[DEBUG] [0mParsing line: location / {
[34m[DEBUG] [0mFound location block start: location / {
[34m[DEBUG] [0mFound location block for path: /
[34m[DEBUG] [0mParsing line: limit_except GET;
[34m[DEBUG] [0mChecking if line 'limit_except GET;' is a location block end
[34m[DEBUG] [0minLocationBlock: true
[34m[DEBUG] [0mAdded directive to location /: limit_except
[34m[DEBUG] [0mParsing line: autoindex off;
[34m[DEBUG] [0mChecking if line 'autoindex off;' is a location block end
[34m[DEBUG] [0minLocationBlock: true
[34m[DEBUG] [0mAdded directive to location /: autoindex
[34m[DEBUG] [0mParsing line: }
[34m[DEBUG] [0mChecking if line '}' is a location block end
[34m[DEBUG] [0minLocationBlock: true
[34m[DEBUG] [0mFound location block end: }
[34m[DEBUG] [0mLocation path: /
[34m[DEBUG] [0mLocation directives size: 2
[34m[DEBUG] [0mAdded location to _tempLocations: /
[34m[DEBUG] [0m_tempLocations size: 1
[34m[DEBUG] [0mParsing line: location /docs {
[34m[DEBUG] [0mFound location block start: location /docs {
[34m[DEBUG] [0mFound location block for path: /docs
[34m[DEBUG] [0mParsing line: alias ./html/documents;
[34m[DEBUG] [0mChecking if line 'alias ./html/documents;' is a location block end
[34m[DEBUG] [0minLocationBlock: true
[34m[DEBUG] [0mAdded directive to location /docs: alias
[34m[DEBUG] [0mParsing line: limit_except GET;
[34m[DEBUG] [0mChecking if line 'limit_except GET;' is a location block end
[34m[DEBUG] [0minLocationBlock: true
[34m[DEBUG] [0mAdded directive to location /docs: limit_except
[34m[DEBUG] [0mParsing line: autoindex on;
[34m[DEBUG] [0mChecking if line 'autoindex on;' is a location block end
[34m[DEBUG] [0minLocationBlock: true
[34m[DEBUG] [0mAdded directive to location /docs: autoindex
[34m[DEBUG] [0mParsing line: }
[34m[DEBUG] [0mChecking if line '}' is a location block end
[34m[DEBUG] [0minLocationBlock: true
[34m[DEBUG] [0mFound location block end: }
[34m[DEBUG] [0mLocation path: /docs
[34m[DEBUG] [0mLocation directives size: 3
[34m[DEBUG] [0mAdded location to _tempLocations: /docs
[34m[DEBUG] [0m_tempLocations size: 2
[34m[DEBUG] [0mParsing line: }
[34m[DEBUG] [0mChecking if line '}' is a location block end
[34m[DEBUG] [0minLocationBlock: false
[34m[DEBUG] [0mAdding 2 locations to server configuration
[34m[DEBUG] [0mAdded location / to server configuration
[34m[DEBUG] [0mAdded location /docs to server configuration
[34m[DEBUG] [0mAdded server configuration: 127.0.0.1:8083 (server_name: example.local)
[34m[DEBUG] [0mServer has 2 locations
[34m[DEBUG] [0mConfig line: server {
[34m[DEBUG] [0mConfig line: listen 127.0.0.1:8082;
[34m[DEBUG] [0mConfig line: server_name localhost;
[34m[DEBUG] [0mConfig line: root ./html/other;
[34m[DEBUG] [0mConfig line: index index.html;
[34m[DEBUG] [0mConfig line: location / {
[34m[DEBUG] [0mConfig line: limit_except GET;
[34m[DEBUG] [0mConfig line: autoindex off;
[34m[DEBUG] [0mConfig line: }
[34m[DEBUG] [0mConfig line: }
[34m[DEBUG] [0mParsing server block: 
server {
listen 127.0.0.1:8082;
server_name localhost;
root ./html/other;
index index.html;
location / {
limit_except GET;
autoindex off;
}
}

[34m[DEBUG] [0mParsing line: server {
[34m[DEBUG] [0mParsing line: listen 127.0.0.1:8082;
[34m[DEBUG] [0mChecking if line 'listen 127.0.0.1:8082;' is a location block end
[34m[DEBUG] [0minLocationBlock: false
[34m[DEBUG] [0mParsing line: server_name localhost;
[34m[DEBUG] [0mChecking if line 'server_name localhost;' is a location block end
[34m[DEBUG] [0minLocationBlock: false
[34m[DEBUG] [0mParsing line: root ./html/other;
[34m[DEBUG] [0mChecking if line 'root ./html/other;' is a location block end
[34m[DEBUG] [0minLocationBlock: false
[34m[DEBUG] [0mAdded directive to default location: root
[34m[DEBUG] [0mParsing line: index index.html;
[34m[DEBUG] [0mChecking if line 'index index.html;' is a location block end
[34m[DEBUG] [0minLocationBlock: false
[34m[DEBUG] [0mAdded directive to default location: index
[34m[DEBUG] [0mParsing line: location / {
[34m[DEBUG] [0mFound location block start: location / {
[34m[DEBUG] [0mFound location block for path: /
[34m[DEBUG] [0mParsing line: limit_except GET;
[34m[DEBUG] [0mChecking if line 'limit_except GET;' is a location block end
[34m[DEBUG] [0minLocationBlock: true
[34m[DEBUG] [0mAdded directive to location /: limit_except
[34m[DEBUG] [0mParsing line: autoindex off;
[34m[DEBUG] [0mChecking if line 'autoindex off;' is a location block end
[34m[DEBUG] [0minLocationBlock: true
[34m[DEBUG] [0mAdded directive to location /: autoindex
[34m[DEBUG] [0mParsing line: }
[34m[DEBUG] [0mChecking if line '}' is a location block end
[34m[DEBUG] [0minLocationBlock: true
[34m[DEBUG] [0mFound location block end: }
[34m[DEBUG] [0mLocation path: /
[34m[DEBUG] [0mLocation directives size: 2
[34m[DEBUG] [0mAdded location to _tempLocations: /
[34m[DEBUG] [0m_tempLocations size: 1
[34m[DEBUG] [0mParsing line: }
[34m[DEBUG] [0mChecking if line '}' is a location block end
[34m[DEBUG] [0minLocationBlock: false
[34m[DEBUG] [0mAdding 1 locations to server configuration
[34m[DEBUG] [0mAdded location / to server configuration
[34m[DEBUG] [0mAdded server configuration: 127.0.0.1:8082 (server_name: localhost)
[34m[DEBUG] [0mServer has 1 locations
[32m[INFO] [0mParsed 4 server configurations
[34m[DEBUG] [0mInitialized 35 MIME types
[34m[DEBUG] [0mInitialized 62 HTTP status texts
[34m[DEBUG] [0mInitializing default location
[34m[DEBUG] [0mDefault location initialized with 17 directives
[34m[DEBUG] [0mInitializing timeouts
[34m[DEBUG] [0mTimeouts initialized: connection=120s, keep-alive=30s, read=60s, write=60s
[32m[INFO] [0mStarting HTTP server
[34m[DEBUG] [0m_locations address in run: 0x7ff7b12af3e0
[34m[DEBUG] [0m_locations size in run: 0
[32m[INFO] [0mServer listening on 127.0.0.1:8080 (server_name: localhost)
[32m[INFO] [0mServer listening on 127.0.0.1:8081 (server_name: test.local)
[32m[INFO] [0mServer listening on 127.0.0.1:8083 (server_name: example.local)
[32m[INFO] [0mServer listening on 127.0.0.1:8082 (server_name: localhost)
[32m[INFO] [0mNew connection from 127.0.0.1:65325 on server 127.0.0.1:8080
[32m[INFO] [0mReceived data from client:
POST /upload HTTP/1.1
Host: localhost:8080
User-Agent: curl/8.7.1
Accept: */*
Content-Length: 230
Content-Type: multipart/form-data; boundary=------------------------CipP7cqEOXbIvgmGw9lxVJ

--------------------------CipP7cqEOXbIvgmGw9lxVJ
Content-Disposition: form-data; name="file"; filename="test.txt"
Content-Type: text/plain

This is a test file for upload.

--------------------------CipP7cqEOXbIvgmGw9lxVJ--

[32m[INFO] [0mHTTP Request: POST /upload HTTP/1.1
[32m[INFO] [0mClient requested Connection: keep-alive
[34m[DEBUG] [0mNormalizing URI: /upload
[34m[DEBUG] [0mDecoding URI: /upload
[34m[DEBUG] [0mDecoded URI: /upload
[34m[DEBUG] [0mCanonicalizing path: /upload
[34m[DEBUG] [0mCanonicalized path: /upload
[34m[DEBUG] [0mNormalized URI: /upload
[32m[INFO] [0mHandling POST request for path: /upload
[34m[DEBUG] [0mFinding location for request path: /upload
[34m[DEBUG] [0mAvailable locations:
[34m[DEBUG] [0m  - /
[34m[DEBUG] [0m  - /static
[34m[DEBUG] [0m  - /cgi-bin
[34m[DEBUG] [0m  - /upload
[34m[DEBUG] [0m  - /redirect
[34m[DEBUG] [0mServer locations size: 5
[34m[DEBUG] [0mChecking if location path '/' is a prefix of request path '/upload'
[34m[DEBUG] [0mLocation path '/' is a prefix of request path '/upload'
[34m[DEBUG] [0mUpdated best match to '/' with length 1
[34m[DEBUG] [0mChecking if location path '/static' is a prefix of request path '/upload'
[34m[DEBUG] [0mChecking if location path '/cgi-bin' is a prefix of request path '/upload'
[34m[DEBUG] [0mChecking if location path '/upload' is a prefix of request path '/upload'
[34m[DEBUG] [0mLocation path '/upload' is a prefix of request path '/upload'
[34m[DEBUG] [0mUpdated best match to '/upload' with length 7
[34m[DEBUG] [0mChecking if location path '/redirect' is a prefix of request path '/upload'
[34m[DEBUG] [0mFound matching location: /upload
[34m[DEBUG] [0mChecking if request body size 230 is within limits
[34m[DEBUG] [0mFinding location for request path: /upload
[34m[DEBUG] [0mAvailable locations:
[34m[DEBUG] [0m  - /
[34m[DEBUG] [0m  - /static
[34m[DEBUG] [0m  - /cgi-bin
[34m[DEBUG] [0m  - /upload
[34m[DEBUG] [0m  - /redirect
[34m[DEBUG] [0mServer locations size: 5
[34m[DEBUG] [0mChecking if location path '/' is a prefix of request path '/upload'
[34m[DEBUG] [0mLocation path '/' is a prefix of request path '/upload'
[34m[DEBUG] [0mUpdated best match to '/' with length 1
[34m[DEBUG] [0mChecking if location path '/static' is a prefix of request path '/upload'
[34m[DEBUG] [0mChecking if location path '/cgi-bin' is a prefix of request path '/upload'
[34m[DEBUG] [0mChecking if location path '/upload' is a prefix of request path '/upload'
[34m[DEBUG] [0mLocation path '/upload' is a prefix of request path '/upload'
[34m[DEBUG] [0mUpdated best match to '/upload' with length 7
[34m[DEBUG] [0mChecking if location path '/redirect' is a prefix of request path '/upload'
[34m[DEBUG] [0mFound matching location: /upload
[34m[DEBUG] [0mFound client_max_body_size directive in location: 5m
[34m[DEBUG] [0mMaximum body size allowed: 5242880 bytes
[34m[DEBUG] [0mRequest body size 230 is within limits
[34m[DEBUG] [0mFound boundary: ------------------------CipP7cqEOXbIvgmGw9lxVJ
[34m[DEBUG] [0mFound form field: file with content length: 32
[32m[INFO] [0mFile uploaded successfully: html/default/uploads/test.txt
[34m[DEBUG] [0mSending response using sendString
[34m[DEBUG] [0mQueued 259 bytes for client socket 7
[32m[INFO] [0mClient disconnected
[32m[INFO] [0mNew connection from 127.0.0.1:65399 on server 127.0.0.1:8080
[32m[INFO] [0mReceived data from client:
POST / HTTP/1.1
Host: localhost:8080
User-Agent: curl/8.7.1
Accept: */*
Content-Type: plain/text
Content-Length: 10

1234567890
[32m[INFO] [0mHTTP Request: POST / HTTP/1.1
[32m[INFO] [0mClient requested Connection: keep-alive
[34m[DEBUG] [0mNormalizing URI: /
[34m[DEBUG] [0mDecoding URI: /
[34m[DEBUG] [0mDecoded URI: /
[34m[DEBUG] [0mCanonicalizing path: /
[34m[DEBUG] [0mCanonicalized path: /
[34m[DEBUG] [0mNormalized URI: /
[32m[INFO] [0mHandling POST request for path: /
[34m[DEBUG] [0mFinding location for request path: /
[34m[DEBUG] [0mAvailable locations:
[34m[DEBUG] [0m  - /
[34m[DEBUG] [0m  - /static
[34m[DEBUG] [0m  - /cgi-bin
[34m[DEBUG] [0m  - /upload
[34m[DEBUG] [0m  - /redirect
[34m[DEBUG] [0mServer locations size: 5
[34m[DEBUG] [0mChecking if location path '/' is a prefix of request path '/'
[34m[DEBUG] [0mLocation path '/' is a prefix of request path '/'
[34m[DEBUG] [0mUpdated best match to '/' with length 1
[34m[DEBUG] [0mChecking if location path '/static' is a prefix of request path '/'
[34m[DEBUG] [0mChecking if location path '/cgi-bin' is a prefix of request path '/'
[34m[DEBUG] [0mChecking if location path '/upload' is a prefix of request path '/'
[34m[DEBUG] [0mChecking if location path '/redirect' is a prefix of request path '/'
[34m[DEBUG] [0mFound matching location: /
[34m[DEBUG] [0mChecking if request body size 10 is within limits
[34m[DEBUG] [0mFinding location for request path: /
[34m[DEBUG] [0mAvailable locations:
[34m[DEBUG] [0m  - /
[34m[DEBUG] [0m  - /static
[34m[DEBUG] [0m  - /cgi-bin
[34m[DEBUG] [0m  - /upload
[34m[DEBUG] [0m  - /redirect
[34m[DEBUG] [0mServer locations size: 5
[34m[DEBUG] [0mChecking if location path '/' is a prefix of request path '/'
[34m[DEBUG] [0mLocation path '/' is a prefix of request path '/'
[34m[DEBUG] [0mUpdated best match to '/' with length 1
[34m[DEBUG] [0mChecking if location path '/static' is a prefix of request path '/'
[34m[DEBUG] [0mChecking if location path '/cgi-bin' is a prefix of request path '/'
[34m[DEBUG] [0mChecking if location path '/upload' is a prefix of request path '/'
[34m[DEBUG] [0mChecking if location path '/redirect' is a prefix of request path '/'
[34m[DEBUG] [0mFound matching location: /
[34m[DEBUG] [0mUsing default client_max_body_size directive: 10m
[34m[DEBUG] [0mMaximum body size allowed: 10485760 bytes
[34m[DEBUG] [0mRequest body size 10 is within limits
[31m[ERROR] [0mPOST request to non-upload path: /
[34m[DEBUG] [0mQueued 261 bytes for client socket 7
[32m[INFO] [0mClient disconnected
[34m[DEBUG] [0mClient 7 timed out after 121 seconds
[34m[DEBUG] [0mQueued 250 bytes for client socket 7
[32m[INFO] [0mClosed timed out client connection: 7
